OUT:
Buildfile: [TestData]/build.xml

build:
  [kotlinc] Compiling [[TestData]/hello.kt] => [[Temp]/hello.jar]
  [kotlinc] logging: using Kotlin home directory [KotlinProjectHome]/dist/kotlinc
  [kotlinc] logging: configuring the compilation environment

BUILD SUCCESSFUL
Total time: [time]

Return code: 0
